// Jest Snapshot v1, https://goo.gl/fbAQLP

exports[`renders with full conflicting courses 1`] = `
<div>
  <h3
    id="course_header"
  >
    Search Results
  </h3>
  <h6
    id="course_header_term"
  >
    Note: Search Results are for 
    Fall 2022
    . To change terms, please Add a New Schedule below using the + button for that term.
  </h6>
</div>
`;

exports[`renders with full courses 1`] = `
<div>
  <h3
    id="course_header"
  >
    Search Results
  </h3>
  <h6
    id="course_header_term"
  >
    Note: Search Results are for 
    Fall 2022
    . To change terms, please Add a New Schedule below using the + button for that term.
  </h6>
</div>
`;

exports[`renders with partial courses 1`] = `
<div>
  <h3
    id="course_header"
  >
    Search Results
  </h3>
  <h6
    id="course_header_term"
  >
    Note: Search Results are for 
    Fall 2022
    . To change terms, please Add a New Schedule below using the + button for that term.
  </h6>
</div>
`;
